// Jest Snapshot v1, https://goo.gl/fbAQLP

exports[`SwapRouter gas tests #exactInput 0 -> 1 -> 2 1`] = `904587`;

exports[`SwapRouter gas tests #exactInput 0 -> 1 1`] = `803811`;

exports[`SwapRouter gas tests #exactInput 0 -> 1 minimal 1`] = `766742`;

exports[`SwapRouter gas tests #exactInput 0 -> WETH9 1`] = `856469`;

exports[`SwapRouter gas tests #exactInput 2 trades (directly to sender) 1`] = `917061`;

exports[`SwapRouter gas tests #exactInput 2 trades (via router) 1`] = `935083`;

exports[`SwapRouter gas tests #exactInput 3 trades (directly to sender) 1`] = `1035638`;

exports[`SwapRouter gas tests #exactInput WETH9 -> 0 1`] = `839942`;

exports[`SwapRouter gas tests #exactInputSingle 0 -> 1 1`] = `802972`;

exports[`SwapRouter gas tests #exactInputSingle 0 -> WETH9 1`] = `856050`;

exports[`SwapRouter gas tests #exactInputSingle WETH9 -> 0 1`] = `839103`;

exports[`SwapRouter gas tests #exactOutput 0 -> 1 -> 2 1`] = `894849`;

exports[`SwapRouter gas tests #exactOutput 0 -> 1 1`] = `809895`;

exports[`SwapRouter gas tests #exactOutput 0 -> WETH9 1`] = `863428`;

exports[`SwapRouter gas tests #exactOutput WETH9 -> 0 1`] = `864098`;

exports[`SwapRouter gas tests #exactOutputSingle 0 -> 1 1`] = `809023`;

exports[`SwapRouter gas tests #exactOutputSingle 0 -> WETH9 1`] = `862556`;

exports[`SwapRouter gas tests #exactOutputSingle WETH9 -> 0 1`] = `849936`;
